# devbrain redact corpus — inputs only. The Go `redact` package is the source of
# truth; the golden is its exact output (regenerate by running Redact over this).
# The first section's shapes still match the legacy devbrain_lib.py table; env +
# bare-vendor sections below are Go-only additions.
# Near-miss lines MUST pass through unchanged (over-redaction is drift too).

-- openai-style sk- keys --
plain: [REDACTED]
exact-20-after-prefix: [REDACTED]
near-miss-19-after-prefix: sk-aaaaaaaaaaaaaaaaaaa
with-dashes-underscores: [REDACTED]
mid-sentence the key [REDACTED] ends here.
quoted: "[REDACTED]"
json: {"api_key": "[REDACTED]", "other": 1}
url: https://example.com/?key=[REDACTED]&x=1
two on one line: [REDACTED] and [REDACTED]
prefix-only: sk- (nothing after)
unicode neighbor: héllo [REDACTED] wörld

-- github tokens gh[pousr]_ --
ghp: ghp_[REDACTED]
gho: gho_[REDACTED]
ghu: ghu_[REDACTED]
ghs: ghs_[REDACTED]
ghr: ghr_[REDACTED]
near-miss-ghx: ghx_abcdefghij1234567890
near-miss-19: ghp_abcdefghij123456789
in-env: export GITHUB_TOKEN=ghp_[REDACTED]
github_pat long: [REDACTED]
github_pat near-miss short: github_pat_11ABCDEFG0abcdefghi

-- AWS access keys --
akia: [REDACTED]
asia: [REDACTED]
near-miss-lowercase: akiaiosfodnn7example
near-miss-15: AKIAIOSFODNN7EX
inside arn-ish text key=[REDACTED] secret follows

-- slack tokens xox[baprs]- --
xoxb: [REDACTED]
xoxa: [REDACTED]
xoxp: [REDACTED]
xoxr: [REDACTED]
xoxs: [REDACTED]
near-miss-xoxz: xoxz-1234567890-abcdef
near-miss-9-after: xoxb-123456789

-- bearer tokens --
auth header: Authorization: Bearer [REDACTED]
short near-miss: Bearer abc123
exact-16: Bearer [REDACTED]
lowercase near-miss: bearer eyJhbGciOiJIUzI1NiIsInR5cCI6IkpXVCJ9
dots-dashes: Bearer [REDACTED]

-- mixed / adversarial --
sentence with ghp_[REDACTED] and [REDACTED] and [REDACTED] together
markdown `[REDACTED]` in backticks
skill mention: task-notification about sk-ANT keys in general
plain prose mentioning Bearer tokens without a value
a URL https://api.slack.com/xoxb-docs (near miss: no digit run)
trailing newline behavior test line

-- env-file assignments (generic name rule; values redacted whole) --
OPENAI_API_KEY=[REDACTED]
FIRECRAWL_API_KEY=[REDACTED]
PERPLEXITY_API_KEY=[REDACTED]
CLIENT_INDEXNOW_KEY=[REDACTED]
CLIENT_SANITY_ADMIN_TOKEN=[REDACTED]
CLIENT_VERCEL_TOKEN=[REDACTED]
SEARCHAPI_API_KEY=[REDACTED]
DB_PASSWORD=[REDACTED]
MY_SECRET=[REDACTED]
GOOGLE_CREDENTIALS=[REDACTED]
DB_PASSWORD=[REDACTED]
  export INDENTED_TOKEN=[REDACTED]

-- PEM private-key blob (multi-line) --
[REDACTED]

-- env near-misses (must pass through unchanged) --
VERCEL_TEAM_ID=team_XkXLSe7q0Suov0pVTIfKrcTY
VERCEL_PROJECT_IDS=prj_4rIOtHydKsU27GWqW9II
MONKEY_BUSINESS=notasecretbutlongvalue
KEYBOARD_LAYOUT=qwertyuiop
SHORT_KEY=abc
lowercase in-prose api_key=notredacted123456 stays

-- bare vendor tokens (no sk- hyphen) --
sanity: [REDACTED]
vercel: [REDACTED]
firecrawl: [REDACTED]
perplexity: [REDACTED]
